[2026-09-15T05:59:19.882Z] Starting dev server with command: pnpm run dev
[2026-09-15T05:59:22.129Z] > personal-ai-os@1.0.0 dev /home/ubuntu/personal-ai-os
[2026-09-15T05:59:22.129Z] > NODE_ENV=development tsx watch server/_core/index.ts
[2026-09-15T05:59:23.806Z] [OAuth] Initialized with baseURL: https://api.manus.im
[2026-09-15T05:59:24.051Z] Server running on http://localhost:3000/
[2026-09-15T06:00:10.418Z] 6:00:10 AM [tsx] change in ./drizzle/schema.ts Restarting...
[2026-09-15T06:00:12.224Z] c[OAuth] Initialized with baseURL: https://api.manus.im
[2026-09-15T06:00:12.522Z] Server running on http://localhost:3000/
[2026-09-15T06:00:26.663Z] 6:00:26 AM [tsx] change in ./server/db.ts Restarting...
[2026-09-15T06:00:28.172Z] c[OAuth] Initialized with baseURL: https://api.manus.im
[2026-09-15T06:00:28.413Z] Server running on http://localhost:3000/
[2026-09-15T06:00:49.721Z] 6:00:49 AM [tsx] change in ./server/routers.ts Restarting...
[2026-09-15T06:00:51.190Z] c[OAuth] Initialized with baseURL: https://api.manus.im
[2026-09-15T06:00:51.428Z] Server running on http://localhost:3000/
[2026-09-15T06:03:07.274Z] [baseline-browser-mapping] The data in this module is over two months old.  To ensure accurate Baseline data, please update: `npm i baseline-browser-mapping@latest -D`
[2026-09-15T06:03:17.381Z] 6:03:17 AM [vite] (client) hmr update /src/App.tsx, /src/index.css
[2026-09-15T06:03:23.075Z] [Auth] Missing session cookie
[2026-09-15T06:03:26.572Z] 6:03:26 AM [vite] (client) hmr update /src/index.css
[2026-09-15T06:03:26.741Z] [Auth] Missing session cookie
[2026-09-15T06:03:33.164Z] 6:03:33 AM [vite] (client) page reload index.html
[2026-09-15T06:05:45.635Z] 6:05:45 AM [vite] (client) hmr update /src/pages/Home.tsx, /src/index.css
[2026-09-15T06:05:54.574Z] 6:05:54 AM [tsx] change in ./server/db.ts Restarting...
[2026-09-15T06:05:56.095Z] c[OAuth] Initialized with baseURL: https://api.manus.im
[2026-09-15T06:05:56.337Z] Server running on http://localhost:3000/
[2026-09-15T06:06:19.420Z] [baseline-browser-mapping] The data in this module is over two months old.  To ensure accurate Baseline data, please update: `npm i baseline-browser-mapping@latest -D`
